// Vitest Snapshot v1, https://vitest.dev/guide/snapshot.html

exports[`Review component > should render to match snapshot 1`] = `
<div>
  <section
    class="_review_031c44"
  >
    <div
      class="_header_031c44"
    >
      <h1
        class="_title_031c44"
      >
        Reviews (
        )
      </h1>
    </div>
    <div
      class="_errorMessage_2e14f5"
      role="alert"
    >
      <img
        alt=""
        class="_errorImage_2e14f5"
        src="/src/assets/error-face.png"
      />
      <p
        class="_message_2e14f5"
      >
        This movie has not received any reviews yet
      </p>
    </div>
  </section>
</div>
`;
