// Vitest Snapshot v1, https://vitest.dev/guide/snapshot.html

exports[`MovieList component > should render to match snapshot 1`] = `
<div>
  <section
    class="_movieList_6d935e"
  >
    <div
      class="_genreFilter_6d935e"
    >
      <ul
        class="_tagList_6d935e"
      >
        <li
          class="_tag_6d935e"
        >
          <button
            class="_button_ee73f7  "
          >
            Trending
          </button>
        </li>
        <li
          class="_tag_6d935e"
        >
          <button
            class="_button_ee73f7  "
          >
            Adventure
          </button>
        </li>
        <li
          class="_tag_6d935e"
        >
          <button
            class="_button_ee73f7  "
          >
            Action
          </button>
        </li>
        <li
          class="_tag_6d935e"
        >
          <button
            class="_button_ee73f7  "
          >
            Comedy
          </button>
        </li>
        <li
          class="_tag_6d935e"
        >
          <button
            class="_button_ee73f7  "
          >
            Crime
          </button>
        </li>
        <li
          class="_tag_6d935e"
        >
          <button
            class="_button_ee73f7  "
          >
            Drama
          </button>
        </li>
        <li
          class="_tag_6d935e"
        >
          <button
            class="_button_ee73f7  "
          >
            Fantasy
          </button>
        </li>
        <li
          class="_tag_6d935e"
        >
          <button
            class="_button_ee73f7  "
          >
            Fantasy
          </button>
        </li>
        <li
          class="_tag_6d935e"
        >
          <button
            class="_button_ee73f7  "
          >
            Fantasy
          </button>
        </li>
        <li
          class="_tag_6d935e"
        >
          <button
            class="_button_ee73f7  "
          >
            Fantasy
          </button>
        </li>
        <li
          class="_tag_6d935e"
        >
          <button
            class="_button_ee73f7  "
          >
            Fantasy
          </button>
        </li>
        <li
          class="_tag_6d935e"
        >
          <button
            class="_button_ee73f7  "
          >
            Fantasy
          </button>
        </li>
        <li
          class="_tag_6d935e"
        >
          <button
            class="_button_ee73f7  "
          >
            Fantasy
          </button>
        </li>
      </ul>
      <div
        class="_navigator_6d935e"
      >
        <button
          class="_button_ee73f7  "
        >
          <span
            data-testid="fa-icon"
          />
        </button>
        <button
          class="_button_ee73f7  "
        >
          <span
            data-testid="fa-icon"
          />
        </button>
      </div>
    </div>
    <ul
      class="_listGrid_6d935e"
    >
      <li
        class="_movieItem_6d935e"
      >
        <a
          class="_movieCard_a48f4b"
          data-discover="true"
          href="/movies/1"
        >
          <img
            alt="Flow's poster"
            class="_poster_a48f4b"
            src="flow.jpg"
          />
          <div
            class="_movieInfo_a48f4b"
          >
            <h2
              class="_title_a48f4b"
            >
              Flow
            </h2>
            <div
              class="_movieMeta_a48f4b"
            >
              <p
                class="_year_a48f4b"
              >
                2024
                 ·
              </p>
              <p
                class="_rating_a48f4b"
              >
                <span
                  data-testid="fa-icon"
                />
                 
                7.9
              </p>
            </div>
          </div>
        </a>
      </li>
      <li
        class="_movieItem_6d935e"
      >
        <a
          class="_movieCard_a48f4b"
          data-discover="true"
          href="/movies/2"
        >
          <img
            alt="Lilo & Stitch's poster"
            class="_poster_a48f4b"
            src="liloandstitch.jpg"
          />
          <div
            class="_movieInfo_a48f4b"
          >
            <h2
              class="_title_a48f4b"
            >
              Lilo & Stitch
            </h2>
            <div
              class="_movieMeta_a48f4b"
            >
              <p
                class="_year_a48f4b"
              >
                2025
                 ·
              </p>
              <p
                class="_rating_a48f4b"
              >
                <span
                  data-testid="fa-icon"
                />
                 
                7.2
              </p>
            </div>
          </div>
        </a>
      </li>
      <li
        class="_movieItem_6d935e"
      >
        <a
          class="_movieCard_a48f4b"
          data-discover="true"
          href="/movies/3"
        >
          <img
            alt="Mufasa: The Lion King's poster"
            class="_poster_a48f4b"
            src="mufasa.jpg"
          />
          <div
            class="_movieInfo_a48f4b"
          >
            <h2
              class="_title_a48f4b"
            >
              Mufasa: The Lion King
            </h2>
            <div
              class="_movieMeta_a48f4b"
            >
              <p
                class="_year_a48f4b"
              >
                2024
                 ·
              </p>
              <p
                class="_rating_a48f4b"
              >
                <span
                  data-testid="fa-icon"
                />
                 
                6.6
              </p>
            </div>
          </div>
        </a>
      </li>
    </ul>
  </section>
</div>
`;
